// Jest Snapshot v1, https://goo.gl/fbAQLP

exports[`useEuiButtonColorCSS base 1`] = `
{
  "accent": {
    "map": undefined,
    "name": "hhzdcx-displaysColorsMap-display-color",
    "next": undefined,
    "styles": "color:#89004a;background-color:#fcdcea;;;label:base-accent;",
    "toString": [Function],
  },
  "danger": {
    "map": undefined,
    "name": "1jhq0v8-displaysColorsMap-display-color",
    "next": undefined,
    "styles": "color:#b60000;background-color:#f8cccc;;;label:base-danger;",
    "toString": [Function],
  },
  "disabled": {
    "map": undefined,
    "name": "ip9q1j-displaysColorsMap-display-color",
    "next": undefined,
    "styles": "color:#7F8494;background-color:rgba(223,230,239,0.15);;;label:base-disabled;",
    "toString": [Function],
  },
  "primary": {
    "map": undefined,
    "name": "guhpog-displaysColorsMap-display-color",
    "next": undefined,
    "styles": "color:#153385;background-color:#cee0f8;;;label:base-primary;",
    "toString": [Function],
  },
  "success": {
    "map": undefined,
    "name": "pv8heu-displaysColorsMap-display-color",
    "next": undefined,
    "styles": "color:#00615f;background-color:#ccf2f1;;;label:base-success;",
    "toString": [Function],
  },
  "text": {
    "map": undefined,
    "name": "10dtfoi-displaysColorsMap-display-color",
    "next": undefined,
    "styles": "color:#353741;background-color:#eff3f7;;;label:base-text;",
    "toString": [Function],
  },
  "warning": {
    "map": undefined,
    "name": "npnpwr-displaysColorsMap-display-color",
    "next": undefined,
    "styles": "color:#a45200;background-color:#fff3d0;;;label:base-warning;",
    "toString": [Function],
  },
}
`;

exports[`useEuiButtonColorCSS empty 1`] = `
{
  "accent": {
    "map": undefined,
    "name": "quf7ns-displaysColorsMap-display-color",
    "next": undefined,
    "styles": "color:#89004a;&:focus,&:active{background-color:rgba(240,78,152,0.1);};label:empty-accent;",
    "toString": [Function],
  },
  "danger": {
    "map": undefined,
    "name": "726te-displaysColorsMap-display-color",
    "next": undefined,
    "styles": "color:#b60000;&:focus,&:active{background-color:rgba(222,0,0,0.1);};label:empty-danger;",
    "toString": [Function],
  },
  "disabled": {
    "map": undefined,
    "name": "qy768i-displaysColorsMap-display-color",
    "next": undefined,
    "styles": "color:#7F8494;&:focus,&:active{background-color:transparent;};label:empty-disabled;",
    "toString": [Function],
  },
  "primary": {
    "map": undefined,
    "name": "161mumf-displaysColorsMap-display-color",
    "next": undefined,
    "styles": "color:#153385;&:focus,&:active{background-color:rgba(11,100,221,0.1);};label:empty-primary;",
    "toString": [Function],
  },
  "success": {
    "map": undefined,
    "name": "1spouv2-displaysColorsMap-display-color",
    "next": undefined,
    "styles": "color:#00615f;&:focus,&:active{background-color:rgba(2,188,183,0.1);};label:empty-success;",
    "toString": [Function],
  },
  "text": {
    "map": undefined,
    "name": "uc2lg8-displaysColorsMap-display-color",
    "next": undefined,
    "styles": "color:#353741;&:focus,&:active{background-color:rgba(223,230,239,0.2);};label:empty-text;",
    "toString": [Function],
  },
  "warning": {
    "map": undefined,
    "name": "1r1pl84-displaysColorsMap-display-color",
    "next": undefined,
    "styles": "color:#a45200;&:focus,&:active{background-color:rgba(254,197,20,0.1);};label:empty-warning;",
    "toString": [Function],
  },
}
`;

exports[`useEuiButtonColorCSS fill 1`] = `
{
  "accent": {
    "map": undefined,
    "name": "vi45v3-displaysColorsMap-display-color",
    "next": undefined,
    "styles": "color:#000;background-color:#f583b7;outline-color:#000;;label:fill-accent;",
    "toString": [Function],
  },
  "danger": {
    "map": undefined,
    "name": "5w116v-displaysColorsMap-display-color",
    "next": undefined,
    "styles": "color:#FFF;background-color:#DE0000;outline-color:#000;;label:fill-danger;",
    "toString": [Function],
  },
  "disabled": {
    "map": undefined,
    "name": "9ij2uw-displaysColorsMap-display-color",
    "next": undefined,
    "styles": "color:#7F8494;background-color:rgba(223,230,239,0.15);outline-color:#000;;label:fill-disabled;",
    "toString": [Function],
  },
  "primary": {
    "map": undefined,
    "name": "1tdtm0g-displaysColorsMap-display-color",
    "next": undefined,
    "styles": "color:#FFF;background-color:#0B64DD;outline-color:#000;;label:fill-primary;",
    "toString": [Function],
  },
  "success": {
    "map": undefined,
    "name": "1w67d31-displaysColorsMap-display-color",
    "next": undefined,
    "styles": "color:#000;background-color:#4ed0cd;outline-color:#000;;label:fill-success;",
    "toString": [Function],
  },
  "text": {
    "map": undefined,
    "name": "c5is0g-displaysColorsMap-display-color",
    "next": undefined,
    "styles": "color:#FFF;background-color:#353741;outline-color:#000;;label:fill-text;",
    "toString": [Function],
  },
  "warning": {
    "map": undefined,
    "name": "17xxsr5-displaysColorsMap-display-color",
    "next": undefined,
    "styles": "color:#000;background-color:#FEC514;outline-color:#000;;label:fill-warning;",
    "toString": [Function],
  },
}
`;

exports[`useEuiButtonFocusCSS 1`] = `
{
  "map": undefined,
  "name": "1s8jae7-focusCSS",
  "next": {
    "name": "animation-70pju1",
    "next": undefined,
    "styles": "@keyframes animation-70pju1{
  50% {
    transform: translateY(1px);
  }
}",
  },
  "styles": "@media screen and (prefers-reduced-motion: no-preference){transition:transform 250ms ease-in-out,background-color 250ms ease-in-out;&:hover:not(:disabled){transform:translateY(-1px);}&:focus{animation:animation-70pju1 250ms cubic-bezier(.34, 1.61, .7, 1);}&:active:not(:disabled){transform:translateY(1px);}};",
  "toString": [Function],
}
`;
