// Jest Snapshot v1, https://goo.gl/fbAQLP

exports[`useEuiBackgroundColor mixin returns a calculated background version for each color: accent 1`] = `"#feedf5"`;

exports[`useEuiBackgroundColor mixin returns a calculated background version for each color: as transparent accent 1`] = `"rgba(240,78,152,0.1)"`;

exports[`useEuiBackgroundColor mixin returns a calculated background version for each color: as transparent danger 1`] = `"rgba(222,0,0,0.1)"`;

exports[`useEuiBackgroundColor mixin returns a calculated background version for each color: as transparent plain 1`] = `"rgba(255,255,255,0.2)"`;

exports[`useEuiBackgroundColor mixin returns a calculated background version for each color: as transparent primary 1`] = `"rgba(11,100,221,0.1)"`;

exports[`useEuiBackgroundColor mixin returns a calculated background version for each color: as transparent subdued 1`] = `"rgba(223,230,239,0.2)"`;

exports[`useEuiBackgroundColor mixin returns a calculated background version for each color: as transparent success 1`] = `"rgba(2,188,183,0.1)"`;

exports[`useEuiBackgroundColor mixin returns a calculated background version for each color: as transparent transparent 1`] = `"transparent"`;

exports[`useEuiBackgroundColor mixin returns a calculated background version for each color: as transparent warning 1`] = `"rgba(254,197,20,0.1)"`;

exports[`useEuiBackgroundColor mixin returns a calculated background version for each color: danger 1`] = `"#fce6e6"`;

exports[`useEuiBackgroundColor mixin returns a calculated background version for each color: plain 1`] = `"#FFF"`;

exports[`useEuiBackgroundColor mixin returns a calculated background version for each color: primary 1`] = `"#e7f0fc"`;

exports[`useEuiBackgroundColor mixin returns a calculated background version for each color: subdued 1`] = `"#F5F7FA"`;

exports[`useEuiBackgroundColor mixin returns a calculated background version for each color: success 1`] = `"#e6f8f8"`;

exports[`useEuiBackgroundColor mixin returns a calculated background version for each color: transparent 1`] = `"transparent"`;

exports[`useEuiBackgroundColor mixin returns a calculated background version for each color: warning 1`] = `"#fff9e8"`;

exports[`useEuiBackgroundColorCSS hook returns an object of Emotion background-color properties for each color: accent 1`] = `"background-color:#feedf5;label:accent;"`;

exports[`useEuiBackgroundColorCSS hook returns an object of Emotion background-color properties for each color: danger 1`] = `"background-color:#fce6e6;label:danger;"`;

exports[`useEuiBackgroundColorCSS hook returns an object of Emotion background-color properties for each color: plain 1`] = `"background-color:#FFF;label:plain;"`;

exports[`useEuiBackgroundColorCSS hook returns an object of Emotion background-color properties for each color: primary 1`] = `"background-color:#e7f0fc;label:primary;"`;

exports[`useEuiBackgroundColorCSS hook returns an object of Emotion background-color properties for each color: subdued 1`] = `"background-color:#F5F7FA;label:subdued;"`;

exports[`useEuiBackgroundColorCSS hook returns an object of Emotion background-color properties for each color: success 1`] = `"background-color:#e6f8f8;label:success;"`;

exports[`useEuiBackgroundColorCSS hook returns an object of Emotion background-color properties for each color: transparent 1`] = `"background-color:transparent;label:transparent;"`;

exports[`useEuiBackgroundColorCSS hook returns an object of Emotion background-color properties for each color: warning 1`] = `"background-color:#fff9e8;label:warning;"`;

exports[`useEuiBorderColorCSS hook returns an object of Emotion border-color properties for each color: accent 1`] = `"border-color:#f9b8d6;label:accent;"`;

exports[`useEuiBorderColorCSS hook returns an object of Emotion border-color properties for each color: danger 1`] = `"border-color:#f29999;label:danger;"`;

exports[`useEuiBorderColorCSS hook returns an object of Emotion border-color properties for each color: plain 1`] = `"border-color:#D4DAE5;label:plain;"`;

exports[`useEuiBorderColorCSS hook returns an object of Emotion border-color properties for each color: primary 1`] = `"border-color:#9dc1f1;label:primary;"`;

exports[`useEuiBorderColorCSS hook returns an object of Emotion border-color properties for each color: subdued 1`] = `"border-color:#D4DAE5;label:subdued;"`;

exports[`useEuiBorderColorCSS hook returns an object of Emotion border-color properties for each color: success 1`] = `"border-color:#9ae4e2;label:success;"`;

exports[`useEuiBorderColorCSS hook returns an object of Emotion border-color properties for each color: transparent 1`] = `"border-color:#D4DAE5;label:transparent;"`;

exports[`useEuiBorderColorCSS hook returns an object of Emotion border-color properties for each color: warning 1`] = `"border-color:#fedc72;label:warning;"`;
